// Jest Snapshot v1, https://goo.gl/fbAQLP

exports[`renders correctly 1`] = `""`;

exports[`renders correctly 2`] = `""`;

exports[`renders correctly with props 1`] = `""`;
